data/runs/d7dcac07-613e-404b-99e7-5709420255c9/panel.csv
t,firm_id,price,cost,quantity,profit
0,0,2.5999999999999996,1.0,1420.20074057096,2272.3211849135355
1,0,2.651345801059864,1.051345801059864,1468.1861270277745,2349.097803244439
2,0,2.7092907337609526,1.109290733760953,1405.0373972592768,2248.0598356148425
3,0,2.8868573589582054,1.2868573589582055,1308.6686748349439,2093.86987973591
4,0,2.87372164972325,1.2737216497232504,1336.8929957544979,2139.028793207196
5,0,2.784450483749276,1.1844504837492758,1368.6728581900666,2189.8765731041067
6,0,2.935077481741602,1.3350774817416018,1218.990931892736,1950.3854910283776
7,0,3.0863916845608275,1.4863916845608276,1161.4243349169121,1858.2789358670593
8,0,3.1377367274348926,1.5377367274348928,1175.0535289925465,1880.0856463880743
9,0,2.8767266541137717,1.2767266541137716,1353.2824220749953,2165.2518753199925
10,0,2.8381618770748953,1.2381618770748954,1454.5377108670536,2327.2603373872857
11,0,1.715693047626532,1.3156930476265318,2400.263443027207,960.105377210883
12,0,2.8313805033798305,1.2313805033798306,1576.531928965996,2522.4510863455935
13,0,2.9287687614710896,1.32876876147109,1611.9700093463498,2579.1520149541593
14,0,2.8224713219424253,1.2224713219424255,1710.9852436107653,2737.5763897772244
15,0,2.9034729130467496,1.3034729130467497,1777.884095810367,2844.614553296587
16,0,2.9018869256352913,1.3018869256352916,1742.0059839132384,2787.209574261181
17,0,3.204104694855692,1.604104694855692,1560.3242754101493,2496.5188406562393
18,0,3.279139165529953,1.6791391655299532,1522.8199036835076,2436.511845893612
19,0,3.13535649909568,1.5353564990956803,1719.6671228315213,2751.4673965304337
20,0,3.121215011633339,1.5212150116333392,1763.4425826633037,2821.5081322612855
21,0,3.3408509732705167,1.7408509732705169,1564.8053647775887,2503.6885836441415
22,0,3.318771295145506,1.718771295145506,1521.0389067406074,2433.662250784972
23,0,3.6307674603499747,1.6307674603499749,1411.5653173537899,2823.1306347075792
24,0,4.449078759324048,1.6490787593240486,988.7530422520881,2768.5085183058463
25,0,3.845117248345889,1.8451172483458889,1479.594700704011,2959.189401408022
26,0,3.8152573619266867,1.815257361926687,2112.8441604667346,4225.688320933468
27,0,3.8357452746680565,1.8357452746680567,2121.6679693313636,4243.335938662726
28,0,3.7653235891419516,1.765323589141952,1426.0261759384716,2852.052351876943
29,0,3.675065621838229,1.6750656218382292,2315.573180432033,4631.146360864065
30,0,3.7211333718004806,1.7211333718004809,2336.5083544416875,4673.016708883374
31,0,3.7099885243642072,1.7099885243642075,2398.0529416177073,4796.105883235414
32,0,3.652912388157498,1.6529123881574979,2061.4940754632576,4122.988150926515
33,0,3.7110108118537486,1.7110108118537488,2314.954196415162,4629.9083928303235
34,0,3.8967484942519786,1.8967484942519786,2038.7710681201538,4077.5421362403076
35,0,3.7176630717061245,1.7176630717061245,2183.252360754792,4366.504721509584
36,0,3.790891083026097,1.7908910830260971,2064.09713681065,4128.1942736212995
37,0,3.759963043271452,1.7599630432714526,2147.832523758145,4295.665047516289
38,0,3.671088714019563,1.6710887140195634,2269.260602209101,4538.521204418201
39,0,3.7632706579245703,1.7632706579245707,2185.1921929860387,4370.384385972076
40,0,3.68980178371718,1.6898017837171806,2176.4574365440667,4352.9148730881325
41,0,3.4968895141526226,1.6968895141526228,2447.7558193890386,4405.960474900269
42,0,3.437411658911755,1.637411658911755,2451.439900035547,4412.591820063984
43,0,2.5731589618542143,1.5731589618542146,3185.016208632828,3185.016208632827
44,0,3.9335595743342795,1.5335595743342796,1963.7290235213725,4712.949656451294
45,0,3.9938236499712936,1.5938236499712934,1978.537393014575,4748.489743234981
46,0,4.023149101624414,1.6231491016244142,1858.6609801726977,4460.786352414473
47,0,3.8977829137557904,1.4977829137557903,1885.6806964654327,4525.633671517039
48,0,3.8594128107748675,1.4594128107748676,1877.104624335554,4505.05109840533
49,0,3.870666634923544,1.4706666349235442,1913.1895709008447,4591.654970162026
50,0,3.8864139768896626,1.486413976889663,1465.2256490037594,3516.5415576090218
51,0,3.9455072054613165,1.5455072054613164,1971.4229202685076,4731.415008644419
52,0,4.0267767908749885,1.6267767908749884,1879.6293984576753,4511.110556298421
53,0,3.8515895641222424,1.4515895641222425,1997.4403824354883,4793.856917845172
54,0,3.8207959211691134,1.4207959211691135,2083.4629323896625,5000.3110377351895
55,0,3.8142745451166165,1.4142745451166165,2123.977542897708,5097.5461029544995
56,0,3.857269771690604,1.457269771690604,1989.5587946580588,4774.941107179341
57,0,3.8021736858824244,1.4021736858824247,2033.6628813591135,4880.790915261871
58,0,3.8416936334201734,1.4416936334201735,1959.185298491649,4702.044716379957
59,0,3.825942877492194,1.4259428774921943,1910.659867050318,4585.583680920762
60,0,4.067001108064574,1.6670011080645741,1743.0774254171558,4183.385821001173
61,0,3.9138680036434845,1.5138680036434848,1881.4419536799605,4515.460688831904
62,0,3.779189973850625,1.3791899738506253,2036.1724652364587,4886.813916567501
63,0,2.128873538083537,1.5288735380835368,3317.6683268927427,1990.6009961356458
64,0,3.831734777850949,1.431734777850949,2115.7047430079615,5077.691383219108
65,0,3.8626696399462688,1.462669639946269,1847.072779119506,4432.974669886814
66,0,3.953040566807303,1.553040566807303,1644.9482705465432,3947.8758493117034
67,0,3.809726572790381,1.4097265727903812,1885.0431201899542,4524.1034884558885
68,0,4.2488687776100225,1.4488687776100222,2871.6156458047276,8040.523808253238
69,0,4.138711171694728,1.3387111716947275,2977.4270560834593,8336.795757033686
70,0,4.03581357986408,1.2358135798640808,3127.857954784374,8758.002273396247
71,0,4.160532992551368,1.360532992551368,3045.762409924829,8528.134747789521
72,0,4.064754763420649,1.2647547634206493,3001.151113796599,8403.223118630476
73,0,4.033677873200498,1.2336778732004983,2995.4576822196614,8387.28151021505
74,0,4.042489268140097,1.2424892681400967,3038.2555857955344,8507.115640227496
75,0,4.091782204708751,1.2917822047087508,2925.830407037553,8192.325139705148
76,0,4.307075122382777,1.5070751223827772,2857.686286832559,8001.521603131164
77,0,4.242536202572541,1.442536202572542,2966.0236817854434,8304.866308999239
78,0,4.225196901046072,1.4251969010460723,3017.5376690484536,8449.10547333567
79,0,4.1124177705952185,1.3124177705952185,3108.330606346118,8703.32569776913
80,0,4.087269488770441,1.287269488770441,3138.6787599309428,8788.30052780664
81,0,4.0902999620424225,1.2902999620424231,3146.7354921787223,8810.85937810042
82,0,4.041477180480182,1.241477180480182,2877.540781335693,8057.1141877399405
83,0,4.182708541015076,1.3827085410150766,2890.757240672154,8094.12027388203
84,0,4.1501696290337,1.3501696290337,2883.348054316163,8073.374552085256
85,0,3.560507522052508,1.3605075220525087,3324.4043749394195,7313.689624866721
86,0,4.06868152827119,1.26868152827119,1844.6495887669194,5165.018848547374
87,0,4.134829008673695,1.3348290086736956,2948.268717272353,8255.152408362588
88,0,4.091946371073573,1.2919463710735728,3016.8156057710353,8447.083696158898
89,0,4.084369073614711,1.2843690736147113,2999.4346993193867,8398.417158094282
90,0,3.932558479751568,1.1325584797515682,3075.1012657829697,8610.283544192314
91,0,4.026447984587417,1.2264479845874172,3002.54744720574,8407.132852176072
92,0,3.863523737494308,1.0635237374943085,3112.741013181476,8715.674836908132
93,0,3.8842587527650894,1.0842587527650898,3052.849081906265,8547.977429337541
94,0,3.8351782230985405,1.0351782230985407,3245.465736005418,9087.30406081517
95,0,3.9627339273271533,1.1627339273271535,3053.638598733013,8550.188076452436
96,0,3.9689179079286334,1.1689179079286336,2978.3910336016415,8339.494894084595
97,0,3.9996471205541644,1.1996471205541643,2982.722299106659,8351.622437498645
98,0,3.9039940858152917,1.1039940858152921,2904.31928579324,8132.094000221071
99,0,2.8343101883934048,1.034310188393405,3652.66620680556,6574.799172250007
0,1,1.2,1.0,2859.9330864763465,571.9866172952692
1,1,1.3319050620763095,1.1319050620763096,2839.8410468150432,567.9682093630086
2,1,1.3385158482619772,1.1385158482619773,2788.3537347414313,557.6707469482861
3,1,1.4095886523079972,1.2095886523079973,2739.141896868909,547.8283793737817
4,1,1.773756808928572,1.573756808928572,2317.133084820274,463.42661696405463
5,1,1.6414507337414048,1.4414507337414049,2423.81180910454,484.76236182090787
6,1,1.8434682355119756,1.6434682355119756,2103.974204567913,420.79484091358256
7,1,1.977543969279343,1.777543969279343,2021.9673730027164,404.3934746005432
8,1,2.0152435696953206,1.8152435696953206,2059.6998782497867,411.93997564995726
9,1,2.1361249962979243,1.9361249962979241,1959.783276646902,391.9566553293808
10,1,2.006808860844187,1.8068088608441868,2204.200005484906,440.84000109698155
11,1,2.7506076559029315,1.9506076559029315,1430.6389964378677,1144.5111971502943
12,1,2.7209981217616406,1.9209981217616403,1665.9885045281305,1332.7908036225049
13,1,2.7522458745741494,1.9522458745741496,1760.7123698161672,1408.5698958529335
14,1,2.8051342084631994,2.005134208463199,1725.8814874631585,1380.7051899705273
15,1,2.813345342544541,2.013345342544541,1859.834922160442,1487.867937728354
16,1,2.758504960741027,1.958504960741027,1871.477631201029,1497.1821049608234
17,1,2.753992172385002,1.953992172385002,1954.139473929894,1563.3115791439152
18,1,2.7788048268766454,1.9788048268766452,1955.6663614718125,1564.5330891774504
19,1,2.9350385782934705,2.1350385782934707,1900.828225327169,1520.662580261735
20,1,2.7526042909168345,1.9526042909168344,2120.333254360143,1696.2666034881147
21,1,2.7940315328050245,1.9940315328050247,2056.8407085201184,1645.4725668160943
22,1,2.649006397193721,1.849006397193721,2126.071778622558,1700.8574228980467
23,1,2.7235197813780125,1.9235197813780127,2221.8120068546336,1777.4496054837066
24,1,2.6281312944784223,1.8281312944784223,2457.5454060384395,1966.0363248307517
25,1,4.533154911237435,1.7331549112374356,1048.907732482761,2936.941650951731
26,1,4.4250069306667745,1.6250069306667747,1557.6218435168237,4361.341161847106
27,1,4.5465122855260915,1.746512285526092,1487.08682016078,4163.843096450184
28,1,2.083724417735658,1.883724417735658,3305.8421896284844,661.1684379256975
29,1,4.632595397725141,1.8325953977251415,1434.609035680502,4016.9052999054056
30,1,4.726382849909051,1.9263828499090514,1413.4491454019665,3957.6576071255054
31,1,4.767744884598721,1.9677448845987209,1413.0902228557093,3956.652623995986
32,1,3.149381278831436,1.9493812788314362,2651.6883595260056,3182.026031431207
33,1,4.664819792736379,1.8648197927363794,1436.8962584355522,4023.309523619546
34,1,4.653449502682286,1.8534495026822861,1396.5385413110687,3910.307915670992
35,1,4.693060847469081,1.8930608474690813,1340.5993441664816,3753.6781636661476
36,1,4.634454238510217,1.8344542385102167,1353.7944197639843,3790.6243753391554
37,1,4.721168486474728,1.9211684864747276,1328.2422924547595,3719.0784188733264
38,1,4.680209195283705,1.8802091952837052,1370.1138134521366,3836.3186776659822
39,1,4.552889949636503,1.7528899496365031,1472.400613221253,4122.721717019508
40,1,4.670271986376686,1.870271986376686,1333.0418346946415,3732.517137144996
41,1,4.75472745967578,1.9547274596757802,1305.0647285053478,3654.1812398149737
42,1,4.956153985575703,2.156153985575704,1147.1772994599705,3212.0964384879167
43,1,4.976789705125643,2.1767897051256435,957.5685253223395,2681.1918709025504
44,1,5.024005012185999,2.2240050121859984,1138.3985678521174,3187.515989985929
45,1,5.1234138024724665,2.323413802472467,1124.7522678962782,3149.3063501095785
46,1,5.447350703143175,2.647350703143175,911.8821895090529,2553.270130625348
47,1,5.4287730423928355,2.6287730423928357,877.0369138729077,2455.7033588441413
48,1,5.332442291762007,2.5324422917620066,898.7195559828353,2516.4147567519394
49,1,5.306510425966787,2.5065104259667867,933.1865853406615,2612.922438953852
50,1,5.4601578962973445,2.660157896297345,667.0683914126091,1867.7914959553052
51,1,5.509883669440967,2.7098836694409667,901.7367477827373,2524.8628937916646
52,1,5.489885822747047,2.6898858227470464,904.4033024875823,2532.3292469652306
53,1,5.427675407999066,2.627675407999066,908.3038045665548,2543.250652786354
54,1,5.263247191763523,2.4632471917635232,1012.8880900723619,2836.086652202613
55,1,5.2096134053146015,2.6096134053146014,1057.1970360944038,2748.71229384545
56,1,5.402217303493152,2.602217303493152,918.9157257313199,2572.9640320476956
57,1,5.3468238201309335,2.5468238201309337,939.4257215405966,2630.3920203136704
58,1,5.18539560654919,2.3853956065491904,1000.677965945895,2801.898304648506
59,1,5.202401343319463,2.402401343319463,960.0397679901006,2688.1113503722813
60,1,5.281451691984385,2.4814516919843848,949.7342165060467,2659.255806216931
61,1,5.183950539023769,2.383950539023769,997.0017156577072,2791.60480384158
62,1,5.235994137190436,2.435994137190436,982.819026840754,2751.893275154111
63,1,4.8452222188893606,2.645222218889361,853.0713275179105,1876.756920539403
64,1,5.367120414025432,2.567120414025432,981.8616669198719,2749.212667375641
65,1,4.1055873198565145,2.705587319856514,1635.8184570479248,2290.145839867095
66,1,3.7802887448580567,2.580288744858057,1793.3490478722651,2152.018857446718
67,1,5.3854506008825505,2.5854506008825506,857.3480490010107,2400.57453720283
68,1,5.377918197201781,2.5779181972017815,1632.887801050996,4572.085842942788
69,1,5.393047618556938,2.593047618556938,1590.2501010805456,4452.700283025528
70,1,5.529878892391676,2.7298788923916764,1481.886227729383,4149.281437642272
71,1,5.552428254198874,2.752428254198875,1518.62241793416,4252.142770215647
72,1,5.375057124882699,2.575057124882699,1558.6884632113256,4364.3276969917115
73,1,5.337067482733154,2.5370674827331547,1561.1179989276416,4371.130396997395
74,1,5.221492968569315,2.4214929685693156,1685.027156081932,4718.076037029408
75,1,5.043194932678858,2.243194932678859,1818.2454110995625,5091.087151078774
76,1,5.059683495734992,2.2596834957349925,1961.497319534983,5492.1924946979525
77,1,4.994053880737292,2.1940538807372927,2036.9699580879799,5703.515882646342
78,1,5.09283279410597,2.2928327941059705,1955.4556022397878,5475.275686271405
79,1,5.068977822197361,2.2689778221973618,1926.694371810817,5394.744241070287
80,1,5.121684795275408,2.3216847952754085,1871.2268420630255,5239.435157776471
81,1,5.073334888083281,2.2733348880832813,1924.8501118691138,5389.580313233518
82,1,4.992958549447149,2.1929585494471495,1788.1746474367246,5006.889012822828
83,1,4.605720161616178,2.2057201616161777,2339.6765153175434,5615.223636762105
84,1,4.522458953372855,2.122458953372855,2393.621463120202,5744.691511488484
85,1,4.633089472923665,2.2330894729236643,1944.4896410059296,4666.775138414232
86,1,4.46991399066697,2.06991399066697,1509.340957351842,3622.418297644421
87,1,4.535491811268502,2.1354918112685017,2413.038450572637,5791.292281374329
88,1,4.728262475839912,2.3282624758399124,2194.6965424589885,5267.271701901572
89,1,4.725604118544776,2.325604118544777,2176.6920473287264,5224.060913588943
90,1,4.676805563179732,2.276805563179732,2119.5722319967253,5086.97335679214
91,1,4.772549120514078,2.3725491205140785,2067.645477590622,4962.3491462174925
92,1,4.772885361079393,2.3728853610793923,1975.5026670947361,4741.206401027367
93,1,4.877625307412205,2.477625307412205,1857.798161737909,4458.715588170981
94,1,4.934675152478821,2.5346751524788207,1872.9418927584761,4495.060542620344
95,1,4.662352046492709,2.2623520464927087,2152.2736676330096,5165.456802319223
96,1,4.503037097720653,2.103037097720653,2280.3379101726255,5472.810984414301
97,1,4.550894056869868,2.1508940568698685,2264.180625050387,5434.033500120929
98,1,4.7408445283728105,2.3408445283728105,1911.2812267878462,4587.074944290831
99,1,4.688410766178437,2.2884107661784374,1445.4303245087078,3469.032778820899
