data/runs/d7dcac07-613e-404b-99e7-5709420255c9/panel.csv
t,firm_id,price,cost,quantity,profit
0,2,1.2,1.0,2859.9330864763465,571.9866172952692
1,2,1.3275817731971773,1.1275817731971773,2845.9864130785913,569.1972826157181
2,2,1.2577194765557105,1.0577194765557105,2903.304433999646,580.660886799929
3,2,1.2436541574475797,1.0436541574475797,2976.0947141480738,595.2189428296147
4,2,1.1450713677176731,0.9450713677176732,3172.9869597126144,634.5973919425228
5,2,1.1469065353792467,0.9469065353792467,3103.7576663526966,620.7515332705392
6,2,0.9200706532602247,0.7200706532602248,3338.517431769676,667.7034863539351
7,2,0.9332562387801091,0.733256238780109,3408.3041460401864,681.6608292080375
8,2,1.0230610704184486,0.8230610704184487,3382.623296378834,676.5246592757666
9,2,1.0677761090345494,0.8677761090345494,3343.467150639052,668.6934301278106
10,2,1.2796767954936963,1.0796767954936963,3170.63114182402,634.1262283648039
11,2,1.214039277770477,1.014039277770477,3084.5487802674634,616.9097560534925
12,2,1.3068298195581767,1.1068298195581767,3378.7397832529364,675.7479566505871
13,2,1.4875769206528782,1.2875769206528782,3313.6588104187413,662.7317620837481
14,2,1.519968181191982,1.3199681811919821,3281.5666344630386,656.3133268926076
15,2,1.7398412521291866,1.5398412521291867,3181.1404910145957,636.228098202919
16,2,1.689878007673444,1.4898780076734441,3193.2581924428664,638.6516384885731
17,2,1.7410373824474243,1.5410373824474244,3242.7681253299784,648.5536250659956
18,2,1.7563481246089234,1.5563481246089235,3260.75686742234,652.1513734844679
19,2,1.8997314308008253,1.6997314308008253,3189.7523259206546,637.9504651841307
20,2,2.020155317026577,1.8201553170265767,3058.1120814882765,611.6224162976558
21,2,1.9168481141004572,1.7168481141004572,3189.1769633511462,637.8353926702291
22,2,1.846033402391854,1.6460334023918541,3176.4446573184173,635.2889314636833
23,2,2.00432203342426,1.80432203342426,3183.3113378957883,636.6622675791575
24,2,2.052691729519555,1.8526917295195546,3276.8507758547366,655.3701551709479
25,2,1.9927570951848188,1.7927570951848188,3735.7487834066146,747.1497566813227
26,2,3.0071684591541255,1.8071684591541253,3164.766998008221,3797.720397609866
27,2,3.016586514375475,1.816586514375475,3195.6226052539287,3834.747126304714
28,2,3.1268831938914703,1.9268831938914701,1962.289444804559,2354.747333765471
29,2,3.075569867529384,1.875569867529384,3124.9088919437327,3749.8906703324797
30,2,3.13956652296862,1.93956652296862,3125.021250078173,3750.025500093807
31,2,3.200096372208213,2.000096372208213,3094.4284177632917,3713.3141013159507
32,2,3.161909956425263,1.9619099564252633,2635.1292054847313,3162.1550465816767
33,2,3.1115142822589545,1.9115142822589546,3124.074772574643,3748.8897270895714
34,2,2.9443265807978047,1.7443265807978046,3282.345195284389,3938.8142343412674
35,2,2.9293369105912417,1.7293369105912417,3238.074147539364,3885.688977047236
36,2,2.857861009703682,1.6578610097036819,3291.054221712683,3949.2650660552204
37,2,2.924223380996267,1.7242233809962668,3261.9625918935476,3914.3551102722577
38,2,2.9960377105431397,1.7960377105431398,3180.3127921693813,3816.375350603257
39,2,3.0184558288542043,1.8184558288542045,3171.203596896354,3805.4443162756243
40,2,2.890813833374427,1.6908138333744271,3245.2503643806463,3894.300437256775
41,2,3.009266952210779,1.8092669522107792,3123.589726052807,3748.3076712633674
42,2,2.9040290932599504,1.7040290932599507,3200.6914002522417,3840.829680302689
43,2,2.9241205332680433,1.7241205332680432,2672.399057412005,3206.8788688944064
44,2,2.807118357862313,1.607118357862313,3448.9362043132555,4138.723445175907
45,2,2.88274470284832,1.6827447028483202,3448.3551695445735,4138.026203453488
46,2,2.692828301129377,1.492828301129377,3614.7284151591252,4337.67409819095
47,2,2.5941634598950065,1.3941634598950068,3618.64119483083,4342.3694337969955
48,2,2.5503018561931787,1.3503018561931786,3612.0879098408054,4334.505491808967
49,2,2.6192664401941927,1.4192664401941926,3576.811921879247,4292.174306255097
50,2,1.9111937961860472,1.511193796186047,3933.8529797918154,1573.5411919167268
51,2,2.7615767497150268,1.561576749715027,3563.420165974378,4276.104199169253
52,2,2.7226279078087154,1.5226279078087157,3607.9836495273707,4329.580379432844
53,2,2.703046197138938,1.5030461971389382,3547.1279064989785,4256.553487798774
54,2,2.8110528253891016,1.6110528253891017,3451.824488768988,4142.189386522786
55,2,2.8677755041084234,1.6677755041084237,3409.412710503944,4091.2952526047316
56,2,2.701588985215796,1.501588985215796,3545.762739805311,4254.915287766374
57,2,2.708650604943236,1.508650604943236,3513.455698550145,4216.146838260173
58,2,2.6697902548377774,1.4697902548377777,3520.0683677812276,4224.082041337472
59,2,2.5787083555023087,1.3787083555023087,3564.6501824797906,4277.580218975749
60,2,2.5868827013749174,1.3868827013749174,3653.594179038399,4384.313014846079
61,2,2.6379867491310804,1.4379867491310807,3560.7781653311667,4272.933798397399
62,2,2.7012411574988917,1.501241157498892,3490.504253961394,4188.605104753672
63,2,2.685564343161926,1.4855643431619259,2511.5920186966046,3013.9104224359253
64,2,2.8530569893408764,1.6530569893408766,3451.2167950360836,4141.4601540433
65,2,2.727306536954578,1.5273065369545784,3258.554381916285,3910.265258299541
66,2,2.5722525536274725,1.3722525536274728,3280.8513407905957,3937.021608948714
67,2,2.499821501176487,1.2998215011764869,3628.8044154045174,4354.5652984854205
68,2,4.429309437686703,1.4293094376867024,2623.880907339549,7871.642722018649
69,2,4.524661596920812,1.5246615969208124,2454.8957867525346,7364.687360257603
70,2,4.683659897387363,1.6836598973873627,2262.3978627018682,6787.193588105606
71,2,4.6455719774934945,1.6455719774934945,2389.852762216182,7169.558286648546
72,2,4.479562730693408,1.4795627306934072,2439.0093091954764,7317.02792758643
73,2,4.437356472388031,1.4373564723880314,2447.9666366330343,7343.899909899103
74,2,4.653478575619733,1.653478575619733,2238.461672326999,6715.3850169809975
75,2,4.547121858228553,1.5471218582285529,2330.093774825331,6990.281324475993
76,2,4.721268815365685,1.7212688153656854,2323.1301067999007,6969.3903203997015
77,2,4.999941150924793,1.9999411509247933,2030.9826783411338,6092.948035023402
78,2,5.038338140414853,2.0383381404148526,2009.4690596633052,6028.407178989915
79,2,5.143047808233651,2.143047808233651,1856.644415496946,5569.933246490838
80,2,5.142972244849959,2.1429722448499597,1851.4156380750887,5554.246914225266
81,2,5.2279188413047475,2.2279188413047475,1781.6789037734418,5345.036711320326
82,2,4.3576756275171995,2.1576756275171998,2456.7437898918906,5404.836337762159
83,2,5.044469384153112,2.0444693841531123,1878.8090033381493,5636.427010014448
84,2,5.048887977882978,2.048887977882978,1839.6824282474722,5519.047284742417
85,2,5.280593208112639,2.2805932081126388,1406.7016091152302,4220.104827345691
86,2,2.891521373878311,2.291521373878311,3323.0047269406186,1993.8028361643715
87,2,5.247306347812143,2.2473063478121427,1690.4241148826575,5071.272344647972
88,2,5.156502306239852,2.156502306239852,1771.67224599894,5315.016737996821
89,2,5.078672152164783,2.0786721521647835,1824.438554032501,5473.315662097502
90,2,5.082730956092782,2.0827309560927816,1730.2252364373346,5190.675709312004
91,2,4.913171915288675,1.9131719152886753,1927.2596279978982,5781.778883993695
92,2,4.960052196400657,1.9600521964006572,1799.0153065423124,5397.045919626937
93,2,4.693940407585027,2.093940407585027,2036.503674449561,5294.9095535688575
94,2,5.205032670033605,2.2050326700336043,1636.1266352306868,4908.379905692062
95,2,5.087115246020906,2.0871152460209057,1740.449134900963,5221.3474047028885
96,2,5.017786677850943,2.017786677850942,1762.8800226240924,5288.6400678722775
97,2,5.0429374090694745,2.0429374090694745,1770.3747767362956,5311.124330208887
98,2,4.387970924451365,1.9879709244513657,2280.0802016256735,5472.192483901615
99,2,4.980158576342165,1.9801585763421652,1249.2372618801728,3747.7117856405184
